<?xml version="1.0" encoding="utf-8" standalone="yes"?>
<rss version="2.0" xmlns:atom="http://www.w3.org/2005/Atom">
  <channel>
    <title>Golden on MikeDixson.com</title>
    <link>https://mikedixson.com/tags/golden/</link>
    <description>Recent content in Golden on MikeDixson.com</description>
    <generator>Hugo</generator>
    <language>en-gb</language>
    <lastBuildDate>Mon, 26 Nov 2012 08:06:26 +0000</lastBuildDate>
    <atom:link href="https://mikedixson.com/tags/golden/index.xml" rel="self" type="application/rss+xml" />
    <item>
      <title>Golden Hour â€“ Blackheath Church</title>
      <link>https://mikedixson.com/golden-hour/</link>
      <pubDate>Mon, 26 Nov 2012 08:06:26 +0000</pubDate>
      <guid>https://mikedixson.com/golden-hour/</guid>
      <description>&lt;figure style=&#34;width: 768px&#34; class=&#34;wp-caption alignnone&#34;&gt;[&lt;img loading=&#34;lazy&#34; class=&#34;size-full&#34; title=&#34;Blackheath Church 2013&#34; alt=&#34;Blackheath Church.jpg&#34; src=&#34;https://mikedixson.com/wp-content/uploads/2012/11/20121126-080625.jpg&#34; width=&#34;768&#34; height=&#34;1024&#34; /&gt;][1]&lt;figcaption class=&#34;wp-caption-text&#34;&gt;Blackheath Church&lt;/figcaption&gt;&lt;/figure&gt;&#xA;</description>
    </item>
  </channel>
</rss>